MPLINK 4.49, Linker
Linker Map File - Created Sun May 16 17:17:13 2021

                                 Section Info
                  Section       Type    Address   Location Size(Bytes)
                ---------  ---------  ---------  ---------  ---------
                   .org_0       code   0x000000    program   0x000000
                   .org_1       code   0x000000    program   0x000066
      .config_2007_MAIN.O       code   0x002007    program   0x000002



                              Program Memory Usage 
                               Start         End      
                           ---------   ---------      
                            0x000000    0x000032      
                            0x002007    0x002007      
            52 out of 1094 program addresses used, program memory utilization is 4%



                              Symbols - Sorted by Name
                     Name    Address   Location    Storage File                     
                ---------  ---------  ---------  --------- ---------                
                AMARILLO1   0x000017    program     static C:\Users\lucio\OneDrive\Documentos\pics\semáforo\main.asm
                AMARILLO2   0x00000b    program     static C:\Users\lucio\OneDrive\Documentos\pics\semáforo\main.asm
                    CASO1   0x000005    program     static C:\Users\lucio\OneDrive\Documentos\pics\semáforo\main.asm
                    CASO2   0x000011    program     static C:\Users\lucio\OneDrive\Documentos\pics\semáforo\main.asm
                   INICIO   0x000005    program     static C:\Users\lucio\OneDrive\Documentos\pics\semáforo\main.asm
                  RETARDO   0x00001d    program     static C:\Users\lucio\OneDrive\Documentos\pics\semáforo\main.asm
                 RETARDO2   0x000028    program     static C:\Users\lucio\OneDrive\Documentos\pics\semáforo\main.asm
                   delay1   0x000021    program     static C:\Users\lucio\OneDrive\Documentos\pics\semáforo\main.asm
                   delay2   0x00002c    program     static C:\Users\lucio\OneDrive\Documentos\pics\semáforo\main.asm



                              Symbols - Sorted by Address
                     Name    Address   Location    Storage File                     
                ---------  ---------  ---------  --------- ---------                
                    CASO1   0x000005    program     static C:\Users\lucio\OneDrive\Documentos\pics\semáforo\main.asm
                   INICIO   0x000005    program     static C:\Users\lucio\OneDrive\Documentos\pics\semáforo\main.asm
                AMARILLO2   0x00000b    program     static C:\Users\lucio\OneDrive\Documentos\pics\semáforo\main.asm
                    CASO2   0x000011    program     static C:\Users\lucio\OneDrive\Documentos\pics\semáforo\main.asm
                AMARILLO1   0x000017    program     static C:\Users\lucio\OneDrive\Documentos\pics\semáforo\main.asm
                  RETARDO   0x00001d    program     static C:\Users\lucio\OneDrive\Documentos\pics\semáforo\main.asm
                   delay1   0x000021    program     static C:\Users\lucio\OneDrive\Documentos\pics\semáforo\main.asm
                 RETARDO2   0x000028    program     static C:\Users\lucio\OneDrive\Documentos\pics\semáforo\main.asm
                   delay2   0x00002c    program     static C:\Users\lucio\OneDrive\Documentos\pics\semáforo\main.asm


